[
  {
    "Identifier": 399.0,
    "Some Text": "wbycytinbf",
    "Timestamp": "2022-03-05T03:08:43.579",
    "Nullable": ""
  },
  {
    "Identifier": 464.0,
    "Some Text": "qol224slj4",
    "Timestamp": "2022-03-05T08:39:51.055",
    "Nullable": "2022-03-05T02:47:03.784"
  },
  {
    "Identifier": 284.0,
    "Some Text": "ewrhixj87c",
    "Timestamp": "2022-03-05T07:58:05.016",
    "Nullable": ""
  },
  {
    "Identifier": 842.0,
    "Some Text": "j5xii6spbr",
    "Timestamp": "2022-03-05T02:48:21.26",
    "Nullable": "2022-03-05T02:42:45.146"
  },
  {
    "Identifier": 278.0,
    "Some Text": "sc6b42i4qk",
    "Timestamp": "2022-03-05T01:55:09.227",
    "Nullable": "2022-03-05T23:28:56.134"
  },
  {
    "Identifier": 936.0,
    "Some Text": "ih8ega8gml",
    "Timestamp": "2022-03-05T20:46:15.27",
    "Nullable": "2022-03-05T21:43:06.734"
  },
  {
    "Identifier": 583.0,
    "Some Text": "24v2mnqw01",
    "Timestamp": "2022-03-05T10:58:32.402",
    "Nullable": ""
  },
  {
    "Identifier": 318.0,
    "Some Text": "fecl55u7uj",
    "Timestamp": "2022-03-05T12:33:44.516",
    "Nullable": ""
  },
  {
    "Identifier": 604.0,
    "Some Text": "1cql62yx1m",
    "Timestamp": "2022-03-05T07:25:20.867",
    "Nullable": ""
  },
  {
    "Identifier": 720.0,
    "Some Text": "d7mg6vwys1",
    "Timestamp": "2022-03-05T17:33:19.061",
    "Nullable": "2022-03-05T00:27:30.918"
  }
]
