"SWRlbnRpZmllcixTb21lIFRleHQsVGltZXN0YW1wLE51bGxhYmxlDQozOTksd2J5Y3l0aW5iZiwwMy8wNS8yMDIyIDAzOjA4OjQzLA0KNDY0LHFvbDIyNHNsajQsMDMvMDUvMjAyMiAwODozOTo1MSwwMy8wNS8yMDIyIDAyOjQ3OjAzDQoyODQsZXdyaGl4ajg3YywwMy8wNS8yMDIyIDA3OjU4OjA1LA0KODQyLGo1eGlpNnNwYnIsMDMvMDUvMjAyMiAwMjo0ODoyMSwwMy8wNS8yMDIyIDAyOjQyOjQ1DQoyNzgsc2M2YjQyaTRxaywwMy8wNS8yMDIyIDAxOjU1OjA5LDAzLzA1LzIwMjIgMjM6Mjg6NTYNCjkzNixpaDhlZ2E4Z21sLDAzLzA1LzIwMjIgMjA6NDY6MTUsMDMvMDUvMjAyMiAyMTo0MzowNg0KNTgzLDI0djJtbnF3MDEsMDMvMDUvMjAyMiAxMDo1ODozMiwNCjMxOCxmZWNsNTV1N3VqLDAzLzA1LzIwMjIgMTI6MzM6NDQsDQo2MDQsMWNxbDYyeXgxbSwwMy8wNS8yMDIyIDA3OjI1OjIwLA0KNzIwLGQ3bWc2dnd5czEsMDMvMDUvMjAyMiAxNzozMzoxOSwwMy8wNS8yMDIyIDAwOjI3OjMwDQo="
